// Jest Snapshot v1, https://goo.gl/fbAQLP

exports[`Placeholder renders 1`] = `
<div
  className="placeholder"
/>
`;
